// Jest Snapshot v1, https://goo.gl/fbAQLP

exports[`Button renders correctly 1`] = `
<button
  className="button"
  disabled={false}
  onClick={[Function]}
>
  Test
</button>
`;

exports[`Input renders correctly 1`] = `
<div
  className="input"
>
  <input
    disabled={false}
    name="test"
    onChange={[Function]}
    placeholder="test snapshot"
    type="text"
  />
</div>
`;
